1.169: [GC pause (young) 26M->8074K(512M), 0.0156420 secs]
1.563: [GC pause (young) 27M->10M(512M), 0.0117730 secs]
1.871: [GC pause (young) 31M->14M(512M), 0.0071330 secs]
2.136: [GC pause (young) 34M->19M(512M), 0.0182460 secs]
2.393: [GC pause (young) 39M->22M(512M), 0.0089250 secs]
2.559: [GC pause (young) 42M->28M(512M), 0.0127620 secs]
2.780: [GC pause (young) 52M->31M(512M), 0.0088730 secs]
3.116: [GC pause (young) 76M->39M(512M), 0.0157970 secs]
3.392: [GC pause (young) 78M->46M(512M), 0.0169530 secs]
3.828: [GC pause (young) 104M->53M(512M), 0.0150720 secs]
4.315: [GC pause (young) 112M->63M(512M), 0.0313860 secs]
30053.501: [GC pause (young) 122M->66M(512M), 0.0160450 secs]
80126.158: [GC pause (young) 150M->59M(512M), 0.0086960 secs]
256210.798: [GC pause (young) 363M->59M(512M), 0.0076090 secs]
433334.360: [GC pause (young) 363M->59M(512M), 0.0053750 secs]
599648.902: [GC pause (young) 363M->59M(512M), 0.0057440 secs]
753732.258: [GC pause (young) 363M->59M(512M), 0.0072530 secs]
892765.806: [GC pause (young) 362M->59M(512M), 0.0057590 secs]
