1.014: [GC pause (young) 26M->8056K(512M), 0.0135730 secs]
1.364: [GC pause (young) 27M->11M(512M), 0.0113610 secs]
1.642: [GC pause (young) 32M->13M(512M), 0.0068460 secs]
1.861: [GC pause (young) 33M->17M(512M), 0.0113640 secs]
2.073: [GC pause (young) 37M->20M(512M), 0.0087300 secs]
2.249: [GC pause (young) 40M->24M(512M), 0.0139490 secs]
2.486: [GC pause (young) 51M->30M(512M), 0.0156190 secs]
2.730: [GC pause (young) 63M->36M(512M), 0.0112950 secs]
2.965: [GC pause (young) 74M->44M(512M), 0.0146350 secs]
3.242: [GC pause (young) 86M->52M(512M), 0.0166710 secs]
4.566: [GC pause (young) 162M->68M(512M), 0.0249930 secs]
9242.518: [GC pause (young) 97M->67M(512M), 0.0195720 secs]
45742.702: [GC pause (young) 174M->67M(512M), 0.0088910 secs]
84929.469: [GC pause (young) 288M->66M(512M), 0.0066630 secs]
91713.822: [GC pause (young) 371M->66M(512M), 0.0067150 secs]
185522.062: [GC pause (young) 371M->66M(512M), 0.0051550 secs]
290292.276: [GC pause (young) 371M->66M(512M), 0.0078820 secs]
389831.110: [GC pause (young) 371M->66M(512M), 0.0050070 secs]
454903.395: [GC pause (young) 371M->66M(512M), 0.0050450 secs]
509413.553: [GC pause (young) 371M->67M(512M), 0.0052690 secs]
524796.441: [GC pause (young) 371M->66M(512M), 0.0055560 secs]
545824.767: [GC pause (young) 371M->66M(512M), 0.0086940 secs]
570124.763: [GC pause (young) 371M->66M(512M), 0.0089970 secs]
585616.634: [GC pause (young) 371M->67M(512M), 0.0059920 secs]
590195.283: [GC pause (young) 371M->66M(512M), 0.0101250 secs]
596967.355: [GC pause (young) 371M->67M(512M), 0.0057140 secs]
599270.582: [GC pause (young) 371M->66M(512M), 0.0089600 secs]
611016.854: [GC pause (young) 371M->66M(512M), 0.0056440 secs]
617578.602: [GC pause (young) 372M->66M(512M), 0.0053050 secs]
663510.887: [GC pause (young) 372M->67M(512M), 0.0051540 secs]
671461.537: [GC pause (young) 373M->66M(512M), 0.0050170 secs]
683088.833: [GC pause (young) 372M->66M(512M), 0.0065960 secs]
687999.616: [GC pause (young) 372M->66M(512M), 0.0073690 secs]
694246.252: [GC pause (young) 372M->67M(512M), 0.0049840 secs]
700722.324: [GC pause (young) 373M->66M(512M), 0.0048870 secs]
706229.258: [GC pause (young) 372M->67M(512M), 0.0051220 secs]
716007.471: [GC pause (young) 373M->67M(512M), 0.0075080 secs]
741668.619: [GC pause (young) 373M->67M(512M), 0.0080290 secs]
754382.638: [GC pause (young) 373M->67M(512M), 0.0045860 secs]
761662.497: [GC pause (young) 373M->67M(512M), 0.0104140 secs]
766638.727: [GC pause (young) 373M->67M(512M), 0.0048570 secs]
771292.256: [GC pause (young) 373M->67M(512M), 0.0099240 secs]
774358.022: [GC pause (young) 373M->67M(512M), 0.0079340 secs]
784539.784: [GC pause (young) 373M->67M(512M), 0.0046450 secs]
794650.143: [GC pause (young) 373M->67M(512M), 0.0053170 secs]
802093.964: [GC pause (young) 373M->67M(512M), 0.0046070 secs]
835737.790: [GC pause (young) 373M->67M(512M), 0.0047000 secs]
840967.807: [GC pause (young) 373M->67M(512M), 0.0056690 secs]
849971.975: [GC pause (young) 373M->67M(512M), 0.0049950 secs]
860747.137: [GC pause (young) 373M->67M(512M), 0.0048850 secs]
865818.130: [GC pause (young) 373M->67M(512M), 0.0050810 secs]
871807.292: [GC pause (young) 373M->67M(512M), 0.0046990 secs]
887798.082: [GC pause (young) 373M->67M(512M), 0.0046560 secs]
915657.038: [GC pause (young) 373M->67M(512M), 0.0047620 secs]
932812.674: [GC pause (young) 373M->67M(512M), 0.0049410 secs]
943284.517: [GC pause (young) 373M->67M(512M), 0.0048690 secs]
960542.532: [GC pause (young) 373M->67M(512M), 0.0050420 secs]
993546.034: [GC pause (young) 373M->67M(512M), 0.0049160 secs]
1010080.603: [GC pause (young) 373M->67M(512M), 0.0046770 secs]
