1.071: [GC pause (young) 26M->8242K(512M), 0.0186130 secs]
1.445: [GC pause (young) 28M->12M(512M), 0.0107850 secs]
1.723: [GC pause (young) 32M->13M(512M), 0.0081870 secs]
1.945: [GC pause (young) 33M->17M(512M), 0.0121760 secs]
2.186: [GC pause (young) 37M->21M(512M), 0.0118290 secs]
2.560: [GC pause (young) 41M->25M(512M), 0.0135430 secs]
2.770: [GC pause (young) 51M->31M(512M), 0.0104200 secs]
2.971: [GC pause (young) 60M->37M(512M), 0.0113540 secs]
3.578: [GC pause (young) 134M->54M(512M), 0.0216500 secs]
3.751: [GC pause (young) 76M->55M(512M), 0.0158390 secs]
4.977: [GC pause (young) 129M->70M(512M), 0.0224450 secs]
6.366: [GC pause (young) 130M->80M(512M), 0.0380120 secs]
7194.574: [GC pause (young) 136M->88M(512M), 0.0296980 secs]
24954.891: [GC pause (young) 181M->87M(512M), 0.0164610 secs]
48720.165: [GC pause (young) 210M->91M(512M), 0.0198250 secs]
80370.535: [GC pause (young) 387M->96M(512M), 0.0283070 secs]
84915.095: [GC pause (young) 363M->95M(512M), 0.0181250 secs]
89227.603: [GC pause (young) 387M->96M(512M), 0.0191560 secs]
89600.678: [GC pause (young) 386M->95M(512M), 0.0193740 secs]
90008.676: [GC pause (young) 386M->96M(512M), 0.0193830 secs]
95275.542: [GC pause (young) 386M->96M(512M), 0.0206360 secs]
128815.803: [GC pause (young) 386M->103M(512M), 0.0346710 secs]
175316.103: [GC pause (young) 386M->109M(512M), 0.0404770 secs]
229799.381: [GC pause (young) 386M->117M(512M), 0.1437580 secs]
229981.557: [GC pause (young) 118M->113M(512M), 0.0400560 secs]
289676.871: [GC pause (young) 418M->125M(512M), 0.0220490 secs]
342006.137: [GC pause (young) 390M->134M(512M), 0.0332900 secs]
362699.380: [GC pause (young) 297M->139M(512M), 0.0286240 secs]
403377.627: [GC pause (young) 348M->146M(512M), 0.0293240 secs]
421677.704: [GC pause (young) 357M->152M(512M), 0.0310920 secs]
423790.866: [GC pause (young) 440M->151M(512M), 0.0296410 secs]
476278.085: [GC pause (young) 441M->162M(512M), 0.0341280 secs]
505618.302: [GC pause (young) 431M->167M(512M), 0.0345150 secs]
507005.004: [GC pause (young) 429M->169M(512M), 0.0329260 secs]
509611.769: [GC pause (young) 438M->169M(512M), 0.0283600 secs]
511262.534: [GC pause (young) 436M->170M(512M), 0.0230890 secs]
513032.380: [GC pause (young) 437M->169M(512M), 0.0239720 secs]
514269.711: [GC pause (young) 436M->170M(512M), 0.0236160 secs]
529259.383: [GC pause (young) 437M->173M(512M), 0.0270620 secs]
537103.366: [GC pause (young) 434M->175M(512M), 0.0271010 secs]
543221.270: [GC pause (young) 432M->175M(512M), 0.0282860 secs]
544631.181: [GC pause (young) 434M->175M(512M), 0.0291120 secs]
545509.466: [GC pause (young) 434M->176M(512M), 0.0253000 secs]
546524.670: [GC pause (young) 433M->175M(512M), 0.0329180 secs]
547366.283: [GC pause (young) 434M->177M(512M), 0.0258110 secs]
552418.603: [GC pause (young) 432M->177M(512M), 0.0280440 secs]
557836.932: [GC pause (young) 442M->178M(512M), 0.0269090 secs]
577624.037: [GC pause (young) 441M->183M(512M), 0.0411560 secs]
579606.143: [GC pause (young) 444M->186M(512M), 0.0212910 secs]
581212.729: [GC pause (young) 443M->186M(512M), 0.0181930 secs]
585120.206: [GC pause (young) 443M->187M(512M), 0.0183810 secs]
585868.343: [GC pause (young) 443M->187M(512M), 0.0202340 secs]
586936.530: [GC pause (young) 443M->189M(512M), 0.0174640 secs]
588127.883: [GC pause (young) 443M->189M(512M), 0.0180940 secs]
589022.428: [GC pause (young) 445M->190M(512M), 0.0261180 secs]
589467.983: [GC pause (young) 446M->191M(512M), 0.0160450 secs]
590462.924: [GC pause (young) 448M->193M(512M), 0.0157020 secs]
594493.337: [GC pause (young) 449M->194M(512M), 0.0158760 secs]
595048.964: [GC pause (young) 447M->194M(512M), 0.0143160 secs]
595974.241: [GC pause (young) 447M->195M(512M), 0.0146980 secs]
596830.014: [GC pause (young) 447M->195M(512M), 0.0151260 secs]
597738.423: [GC pause (young) 449M->196M(512M), 0.0153070 secs]
598210.203: [GC pause (young) 449M->196M(512M), 0.0161510 secs]
598526.907: [GC pause (young) 452M->199M(512M), 0.0125700 secs]
598921.338: [GC pause (young) 453M->199M(512M), 0.0104090 secs]
599291.349: [GC pause (young) 452M->199M(512M), 0.0092510 secs]
600740.444: [GC pause (young) 453M->199M(512M), 0.0095430 secs]
602100.365: [GC pause (young) 453M->200M(512M), 0.0096530 secs]
606626.787: [GC pause (young) 453M->201M(512M), 0.0097900 secs]
610553.319: [GC pause (young) 454M->202M(512M), 0.0122790 secs]
611519.795: [GC pause (young) 453M->201M(512M), 0.0106780 secs]
612377.626: [GC pause (young) 452M->202M(512M), 0.0181910 secs]
616213.370: [GC pause (young) 452M->202M(512M), 0.0107360 secs]
616861.467: [GC pause (young) 453M->204M(512M), 0.0147740 secs]
617560.862: [GC pause (young) 451M->204M(512M), 0.0167250 secs]
618113.043: [GC pause (young) 452M->204M(512M), 0.0091700 secs]
623699.378: [GC pause (young) 452M->206M(512M), 0.0113480 secs]
653579.378: [GC pause (young) 452M->211M(512M), 0.0193460 secs]
663505.253: [GC pause (young) 447M->213M(512M), 0.0175370 secs]
665306.989: [GC pause (young) 444M->213M(512M), 0.0160030 secs]
665831.770: [GC pause (young) 444M->213M(512M), 0.0162870 secs]
666364.347: [GC pause (young) 444M->213M(512M), 0.0170820 secs]
667689.222: [GC pause (young) 444M->213M(512M), 0.0248640 secs]
668800.165: [GC pause (young) 444M->214M(512M), 0.0174220 secs]
672067.185: [GC pause (young) 446M->214M(512M), 0.0167940 secs]
672872.787: [GC pause (young) 445M->216M(512M), 0.0176380 secs]
673253.921: [GC pause (young) 444M->216M(512M), 0.0159620 secs]
676199.377: [GC pause (young) 446M->216M(512M), 0.0209190 secs]
680908.276: [GC pause (young) 445M->218M(512M), 0.0178290 secs]
683369.524: [GC pause (young) 444M->219M(512M), 0.0180040 secs]
685395.374: [GC pause (young) 445M->219M(512M), 0.0170640 secs]
686462.347: [GC pause (young) 443M->219M(512M), 0.0332190 secs]
686990.372: [GC pause (young) 446M->219M(512M), 0.0184600 secs]
687556.227: [GC pause (young) 450M->221M(512M), 0.0151560 secs]
689383.845: [GC pause (young) 453M->223M(512M), 0.0143620 secs]
690228.372: [GC pause (young) 451M->223M(512M), 0.0112450 secs]
690962.715: [GC pause (young) 451M->223M(512M), 0.0105180 secs]
692239.699: [GC pause (young) 452M->225M(512M), 0.0107110 secs]
693373.373: [GC pause (young) 452M->224M(512M), 0.0096870 secs]
694093.556: [GC pause (young) 453M->224M(512M), 0.0103550 secs]
694677.692: [GC pause (young) 452M->225M(512M), 0.0104450 secs]
695620.947: [GC pause (young) 453M->225M(512M), 0.0098310 secs]
696515.101: [GC pause (young) 452M->226M(512M), 0.0166780 secs]
698594.169: [GC pause (young) 453M->226M(512M), 0.0138000 secs]
700246.940: [GC pause (young) 454M->227M(512M), 0.0100290 secs]
701061.124: [GC pause (young) 454M->227M(512M), 0.0089840 secs]
701592.808: [GC pause (young) 453M->227M(512M), 0.0089870 secs]
701926.901: [GC pause (young) 453M->227M(512M), 0.0083460 secs]
704687.649: [GC pause (young) 453M->228M(512M), 0.0092190 secs]
705533.537: [GC pause (young) 452M->227M(512M), 0.0222010 secs]
706677.119: [GC pause (young) 454M->229M(512M), 0.0094010 secs]
707533.892: [GC pause (young) 452M->229M(512M), 0.0090960 secs]
708135.048: [GC pause (young) 452M->229M(512M), 0.0117050 secs]
708679.558: [GC pause (young) 453M->229M(512M), 0.0087560 secs]
709531.303: [GC pause (young) 453M->230M(512M), 0.0099850 secs]
716230.086: [GC pause (young) 454M->231M(512M), 0.0099930 secs]
724456.445: [GC pause (young) 453M->232M(512M), 0.0113550 secs]
724996.245: [GC pause (young) 451M->232M(512M), 0.0153950 secs]
725709.292: [GC pause (young) 451M->233M(512M), 0.0110280 secs]
735063.341: [GC pause (young) 451M->235M(512M), 0.0130200 secs]
741663.583: [GC pause (young) 449M->237M(512M), 0.0176030 secs]
750538.757: [GC pause (young) 447M->238M(512M), 0.0321650 secs]
751240.998: [GC pause (young) 448M->237M(512M), 0.0148400 secs]
751740.585: [GC pause (young) 447M->238M(512M), 0.0269440 secs]
753203.348: [GC pause (young) 447M->238M(512M), 0.0139920 secs]
754094.762: [GC pause (young) 447M->239M(512M), 0.0136640 secs]
754439.134: [GC pause (young) 447M->239M(512M), 0.0184480 secs]
754736.818: [GC pause (young) 449M->239M(512M), 0.0130430 secs]
755808.431: [GC pause (young) 449M->239M(512M), 0.0137350 secs]
756256.140: [GC pause (young) 449M->240M(512M), 0.0139570 secs]
759606.347: [GC pause (young) (initial-mark) 447M->240M(512M), 0.0277210 secs]
759606.375: [GC concurrent-root-region-scan-start]
759606.387: [GC concurrent-root-region-scan-end, 0.0123130 secs]
759606.387: [GC concurrent-mark-start]
759606.524: [GC concurrent-mark-end, 0.0904390 secs]
759606.525: [GC remark, 0.3090150 secs]
759606.983: [GC cleanup 240M->217M(512M), 0.0011900 secs]
759606.984: [GC concurrent-cleanup-start]
759606.984: [GC concurrent-cleanup-end, 0.0000300 secs]
761548.180: [GC pause (young) 425M->218M(512M), 0.0279480 secs]
761550.305: [GC pause (mixed) 234M->205M(512M), 0.0107140 secs]
762082.723: [GC pause (young) 454M->205M(512M), 0.0095250 secs]
762616.480: [GC pause (young) 453M->205M(512M), 0.0080860 secs]
763413.571: [GC pause (young) 453M->205M(512M), 0.0097460 secs]
765599.382: [GC pause (young) 455M->205M(512M), 0.0120720 secs]
766462.253: [GC pause (young) 455M->205M(512M), 0.0083090 secs]
768512.587: [GC pause (young) 455M->205M(512M), 0.0099150 secs]
769199.384: [GC pause (young) 455M->205M(512M), 0.0099630 secs]
770155.335: [GC pause (young) 455M->205M(512M), 0.0081840 secs]
770892.654: [GC pause (young) 453M->205M(512M), 0.0103680 secs]
771251.864: [GC pause (young) 453M->205M(512M), 0.0089460 secs]
772150.579: [GC pause (young) 453M->205M(512M), 0.0086440 secs]
772932.433: [GC pause (young) 453M->205M(512M), 0.0085720 secs]
773743.195: [GC pause (young) 455M->206M(512M), 0.0084470 secs]
774125.954: [GC pause (young) 454M->206M(512M), 0.0101380 secs]
774499.794: [GC pause (young) 453M->206M(512M), 0.0082310 secs]
775101.388: [GC pause (young) 455M->206M(512M), 0.0080850 secs]
777939.292: [GC pause (young) 455M->207M(512M), 0.0097980 secs]
778875.189: [GC pause (young) 454M->206M(512M), 0.0090740 secs]
784303.902: [GC pause (young) 455M->207M(512M), 0.0099670 secs]
788834.454: [GC pause (young) 455M->208M(512M), 0.0146240 secs]
791166.495: [GC pause (young) 452M->207M(512M), 0.0127610 secs]
792995.854: [GC pause (young) 453M->207M(512M), 0.0099160 secs]
793419.866: [GC pause (young) 453M->207M(512M), 0.0085380 secs]
794566.607: [GC pause (young) 453M->207M(512M), 0.0112370 secs]
795092.180: [GC pause (young) 455M->207M(512M), 0.0083800 secs]
797889.429: [GC pause (young) 455M->207M(512M), 0.0099630 secs]
800139.408: [GC pause (young) 455M->208M(512M), 0.0109280 secs]
801632.639: [GC pause (young) 454M->208M(512M), 0.0118080 secs]
802131.761: [GC pause (young) 454M->208M(512M), 0.0084950 secs]
808235.117: [GC pause (young) 454M->209M(512M), 0.0193860 secs]
829418.686: [GC pause (young) 453M->212M(512M), 0.0187180 secs]
834888.043: [GC pause (young) 450M->210M(512M), 0.0133940 secs]
835432.439: [GC pause (young) 451M->210M(512M), 0.0159460 secs]
836854.569: [GC pause (young) 451M->210M(512M), 0.0111680 secs]
837550.537: [GC pause (young) 453M->210M(512M), 0.0098640 secs]
838986.472: [GC pause (young) 453M->211M(512M), 0.0111780 secs]
840266.665: [GC pause (young) 453M->211M(512M), 0.0097120 secs]
840916.467: [GC pause (young) 453M->210M(512M), 0.0095500 secs]
841220.317: [GC pause (young) 452M->210M(512M), 0.0093700 secs]
841563.511: [GC pause (young) 452M->210M(512M), 0.0090720 secs]
842592.251: [GC pause (young) 452M->211M(512M), 0.0135960 secs]
843357.187: [GC pause (young) 453M->210M(512M), 0.0096960 secs]
849826.981: [GC pause (young) 454M->212M(512M), 0.0131640 secs]
850492.176: [GC pause (young) 451M->212M(512M), 0.0119920 secs]
852872.849: [GC pause (young) 453M->212M(512M), 0.0095680 secs]
854148.033: [GC pause (young) 453M->212M(512M), 0.0171750 secs]
858579.966: [GC pause (young) 454M->212M(512M), 0.0132890 secs]
860740.318: [GC pause (young) 455M->213M(512M), 0.0102380 secs]
861555.647: [GC pause (young) 455M->213M(512M), 0.0085480 secs]
862364.909: [GC pause (young) 453M->213M(512M), 0.0083670 secs]
863345.210: [GC pause (young) 455M->213M(512M), 0.0085910 secs]
864117.911: [GC pause (young) 455M->213M(512M), 0.0101690 secs]
865700.521: [GC pause (young) 455M->213M(512M), 0.0087930 secs]
866034.139: [GC pause (young) 453M->213M(512M), 0.0082660 secs]
867148.158: [GC pause (young) 453M->213M(512M), 0.0085840 secs]
868003.144: [GC pause (young) 453M->214M(512M), 0.0126560 secs]
868508.688: [GC pause (young) 454M->213M(512M), 0.0086850 secs]
870119.381: [GC pause (young) 455M->213M(512M), 0.0086870 secs]
873720.603: [GC pause (young) 454M->214M(512M), 0.0100730 secs]
875860.660: [GC pause (young) 455M->214M(512M), 0.0098070 secs]
878784.335: [GC pause (young) 455M->215M(512M), 0.0102950 secs]
887168.928: [GC pause (young) 454M->215M(512M), 0.0164860 secs]
887808.946: [GC pause (young) 454M->215M(512M), 0.0086270 secs]
888440.702: [GC pause (young) 455M->215M(512M), 0.0083800 secs]
889509.197: [GC pause (young) 455M->215M(512M), 0.0136850 secs]
890724.953: [GC pause (young) 453M->215M(512M), 0.0084690 secs]
915278.794: [GC pause (young) 455M->220M(512M), 0.0236130 secs]
916034.813: [GC pause (young) 450M->217M(512M), 0.0099890 secs]
916865.517: [GC pause (young) 453M->217M(512M), 0.0103830 secs]
928124.646: [GC pause (young) 453M->219M(512M), 0.0148840 secs]
931856.697: [GC pause (young) 451M->218M(512M), 0.0133630 secs]
932570.486: [GC pause (young) 452M->218M(512M), 0.0131820 secs]
933025.117: [GC pause (young) 452M->218M(512M), 0.0118810 secs]
933279.922: [GC pause (young) 452M->218M(512M), 0.0103530 secs]
933737.891: [GC pause (young) 452M->218M(512M), 0.0102580 secs]
934398.412: [GC pause (young) 453M->218M(512M), 0.0147900 secs]
942089.496: [GC pause (young) 451M->219M(512M), 0.0136940 secs]
943391.111: [GC pause (young) 452M->219M(512M), 0.0118620 secs]
944673.197: [GC pause (young) 451M->219M(512M), 0.0121820 secs]
945157.090: [GC pause (young) 453M->219M(512M), 0.0166810 secs]
945877.526: [GC pause (young) 453M->220M(512M), 0.0162860 secs]
952460.726: [GC pause (young) 452M->221M(512M), 0.0134980 secs]
962300.042: [GC pause (young) 453M->221M(512M), 0.0186400 secs]
965533.616: [GC pause (young) 453M->222M(512M), 0.0113060 secs]
968101.241: [GC pause (young) 453M->222M(512M), 0.0214130 secs]
972957.138: [GC pause (young) 453M->223M(512M), 0.0130600 secs]
993421.364: [GC pause (young) 451M->226M(512M), 0.0182550 secs]
1002839.247: [GC pause (young) 450M->225M(512M), 0.0228250 secs]
1003469.930: [GC pause (young) 449M->224M(512M), 0.0153950 secs]
1004547.209: [GC pause (young) 452M->224M(512M), 0.0147240 secs]
1009310.438: [GC pause (young) 452M->224M(512M), 0.0123520 secs]
1009892.102: [GC pause (young) 452M->224M(512M), 0.0124640 secs]
1010631.704: [GC pause (young) 452M->224M(512M), 0.0107340 secs]
1012156.916: [GC pause (young) 451M->225M(512M), 0.0146620 secs]
