1.207: [GC pause (young) 26M->8049K(512M), 0.0155390 secs]
1.625: [GC pause (young) 27M->11M(512M), 0.0193960 secs]
1.956: [GC pause (young) 32M->14M(512M), 0.0161730 secs]
2.243: [GC pause (young) 34M->19M(512M), 0.0113480 secs]
2.497: [GC pause (young) 39M->21M(512M), 0.0133360 secs]
2.670: [GC pause (young) 41M->25M(512M), 0.0115270 secs]
2.871: [GC pause (young) 50M->31M(512M), 0.0099330 secs]
3.112: [GC pause (young) 65M->38M(512M), 0.0118490 secs]
3.658: [GC pause (young) 121M->53M(512M), 0.0279740 secs]
3.810: [GC pause (young) 73M->55M(512M), 0.0188050 secs]
4.426: [GC pause (young) 123M->65M(512M), 0.0164770 secs]
